******************************************************************************
                  MSP430 Linker PC v21.6.1                     
******************************************************************************
>> Linked Tue Mar  3 22:12:58 2026

OUTPUT FILE NAME:   <MicrocontrollerProjectLab.out>
ENTRY POINT SYMBOL: "_c_int00_noargs"  address: 000005a6


MEMORY CONFIGURATION

         name            origin    length      used     unused   attr    fill
----------------------  --------  ---------  --------  --------  ----  --------
  MEM                   00000200   0000fdfd  000006be  0000f73f  RWIX
  RESET                 0000fffe   0000ffff  00000002  0000fffd  RWIX


SECTION ALLOCATION MAP

 output                                  attributes/
section   page    origin      length       input sections
--------  ----  ----------  ----------   ----------------
.text      0    00000200    00000416     
                  00000200    0000008e     main.obj (.text:main)
                  0000028e    00000076     rts430x_lc_rd_eabi.lib : copy_decompress_lzss.c.obj (.text:decompress:lzss:__TI_decompress_lzss)
                  00000304    00000054                            : autoinit.c.obj (.text:__TI_auto_init_nobinit_nopinit_hold_wdt:__TI_auto_init_nobinit_nopinit_hold_wdt)
                  00000358    00000052     main.obj (.text:decodeNEC)
                  000003aa    00000050     timer_a.obj (.text:Timer_A_initContinuousMode)
                  000003fa    00000042     main.obj (.text:initTimerACapturemodeCCR2)
                  0000043c    00000040     main.obj (.text:initTimerACapturemodeCCR0)
                  0000047c    00000040     main.obj (.text:initTimerACapturemodeCCR1)
                  000004bc    00000038     main.obj (.text:P1_5_1_7init)
                  000004f4    00000038     main.obj (.text:initTimerAContinuousMode)
                  0000052c    00000036     timer_a.obj (.text:Timer_A_initCaptureMode)
                  00000562    00000024     rts430x_lc_rd_eabi.lib : copy_zero_init.c.obj (.text:decompress:ZI:__TI_zero_init_nomemset:__TI_zero_init_nomemset)
                  00000586    00000020     wdt_a.obj (.text:WDT_A_hold)
                  000005a6    0000001c     rts430x_lc_rd_eabi.lib : boot.c.obj (.text:_isr:_c_int00_noargs)
                  000005c2    00000014                            : memcpy.c.obj (.text:memcpy)
                  000005d6    00000012                            : copy_decompress_none.c.obj (.text:decompress:none:__TI_decompress_none)
                  000005e8    00000010                            : lsl32.asm.obj (.text:l_lsl)
                  000005f8    0000000c     timer_a.obj (.text:Timer_A_enableCaptureCompareInterrupt)
                  00000604    00000006     pmm.obj (.text:PMM_unlockLPM5)
                  0000060a    00000006     rts430x_lc_rd_eabi.lib : exit.c.obj (.text:abort)
                  00000610    00000004                            : pre_init.c.obj (.text:_system_pre_init)
                  00000614    00000002                            : startup.c.obj (.text:_system_post_cinit)

.bss       0    00000616    0000019a     UNINITIALIZED
                  00000616    00000088     (.common:CaptureBufferA)
                  0000069e    00000088     (.common:CaptureBufferB)
                  00000726    00000088     (.common:CaptureBufferC)
                  000007ae    00000002     (.common:bit)

.const     0    000007b0    0000002e     
                  000007b0    0000000c     main.obj (.const:$P$T0$1)
                  000007bc    0000000c     main.obj (.const:$P$T1$2)
                  000007c8    0000000c     main.obj (.const:$P$T2$3)
                  000007d4    0000000a     main.obj (.const:$P$T3$4)

.data      0    000007de    00000016     UNINITIALIZED
                  000007de    00000016     main.obj (.data)

.cinit     0    00000894    0000002a     
                  00000894    0000000c     (__TI_handler_table)
                  000008a0    00000008     (.cinit..data.load) [load image, compression = lzss]
                  000008a8    00000006     (.cinit..bss.load) [load image, compression = zero_init]
                  000008ae    00000010     (__TI_cinit_table)

.reset     0    0000fffe    00000002     
                  0000fffe    00000002     rts430x_lc_rd_eabi.lib : boot.c.obj (.reset)

.init_array 
*          0    00000200    00000000     UNINITIALIZED

.stack     0    000007f4    000000a0     UNINITIALIZED
                  000007f4    00000004     rts430x_lc_rd_eabi.lib : boot.c.obj (.stack)
                  000007f8    0000009c     --HOLE--

MODULE SUMMARY

       Module                       code   ro data   rw data
       ------                       ----   -------   -------
    .\
       main.obj                     530    46        432    
    +--+----------------------------+------+---------+---------+
       Total:                       530    46        432    
                                                            
    .\driverlib\MSP430FR5xx_6xx\
       timer_a.obj                  146    0         0      
       wdt_a.obj                    32     0         0      
       pmm.obj                      6      0         0      
    +--+----------------------------+------+---------+---------+
       Total:                       184    0         0      
                                                            
    C:\ti\ccs2030\ccs\tools\compiler\ti-cgt-msp430_21.6.1.LTS\lib\rts430x_lc_rd_eabi.lib
       copy_decompress_lzss.c.obj   118    0         0      
       autoinit.c.obj               84     0         0      
       copy_zero_init.c.obj         36     0         0      
       boot.c.obj                   28     2         0      
       memcpy.c.obj                 20     0         0      
       copy_decompress_none.c.obj   18     0         0      
       lsl32.asm.obj                16     0         0      
       exit.c.obj                   6      0         0      
       pre_init.c.obj               4      0         0      
       startup.c.obj                2      0         0      
    +--+----------------------------+------+---------+---------+
       Total:                       332    2         0      
                                                            
       Stack:                       0      0         160    
       Linker Generated:            0      42        0      
    +--+----------------------------+------+---------+---------+
       Grand Total:                 1046   90        592    


LINKER GENERATED COPY TABLES

__TI_cinit_table @ 000008ae records: 2, size/record: 8, table size: 16
	.data: load addr=000008a0, load size=00000008 bytes, run addr=000007de, run size=00000016 bytes, compression=lzss
	.bss: load addr=000008a8, load size=00000006 bytes, run addr=00000616, run size=0000019a bytes, compression=zero_init


LINKER GENERATED HANDLER TABLE

__TI_handler_table @ 00000894 records: 3, size/record: 4, table size: 12
	index: 0, handler: __TI_decompress_lzss
	index: 1, handler: __TI_decompress_none
	index: 2, handler: __TI_zero_init


GLOBAL SYMBOLS: SORTED ALPHABETICALLY BY Name 

address   name                                   
-------   ----                                   
0000060a  C$$EXIT                                
00000616  CaptureBufferA                         
0000069e  CaptureBufferB                         
00000726  CaptureBufferC                         
000004bc  P1_5_1_7init                           
UNDEFED   PADIR_L                                
UNDEFED   PASEL0_H                               
UNDEFED   PASEL0_L                               
UNDEFED   PASEL1_L                               
00000604  PMM_unlockLPM5                         
000005f8  Timer_A_enableCaptureCompareInterrupt  
0000052c  Timer_A_initCaptureMode                
000003aa  Timer_A_initContinuousMode             
UNDEFED   WDTCTL                                 
00000586  WDT_A_hold                             
00000894  __STACK_END                            
000000a0  __STACK_SIZE                           
000008ae  __TI_CINIT_Base                        
000008be  __TI_CINIT_Limit                       
000008be  __TI_CINIT_Warm                        
00000894  __TI_Handler_Table_Base                
000008a0  __TI_Handler_Table_Limit               
00000304  __TI_auto_init_nobinit_nopinit_hold_wdt
0000028e  __TI_decompress_lzss                   
000005d6  __TI_decompress_none                   
ffffffff  __TI_pprof_out_hndl                    
ffffffff  __TI_prof_data_size                    
ffffffff  __TI_prof_data_start                   
00000562  __TI_zero_init_nomemset                
ffffffff  __c_args__                             
000005e8  __mspabi_slll                          
000005a6  _c_int00_noargs                        
0000fffe  _reset_vector                          
000007f4  _stack                                 
00000614  _system_post_cinit                     
00000610  _system_pre_init                       
0000060a  abort                                  
000007ae  bit                                    
000007e1  captureindexA                          
000007e7  captureindexB                          
000007ed  captureindexC                          
00000358  decodeNEC                              
000007e0  framecompleteA                         
000007e6  framecompleteB                         
000007ec  framecompleteC                         
0000043c  initTimerACapturemodeCCR0              
0000047c  initTimerACapturemodeCCR1              
000003fa  initTimerACapturemodeCCR2              
000004f4  initTimerAContinuousMode               
000007de  lastCaptureA                           
000007e4  lastCaptureB                           
000007ea  lastCaptureC                           
000007e2  leaderDetectedA                        
000007e8  leaderDetectedB                        
000007ee  leaderDetectedC                        
00000200  main                                   
000005c2  memcpy                                 
000007f0  result                                 


GLOBAL SYMBOLS: SORTED BY Symbol Address 

address   name                                   
-------   ----                                   
000000a0  __STACK_SIZE                           
00000200  main                                   
0000028e  __TI_decompress_lzss                   
00000304  __TI_auto_init_nobinit_nopinit_hold_wdt
00000358  decodeNEC                              
000003aa  Timer_A_initContinuousMode             
000003fa  initTimerACapturemodeCCR2              
0000043c  initTimerACapturemodeCCR0              
0000047c  initTimerACapturemodeCCR1              
000004bc  P1_5_1_7init                           
000004f4  initTimerAContinuousMode               
0000052c  Timer_A_initCaptureMode                
00000562  __TI_zero_init_nomemset                
00000586  WDT_A_hold                             
000005a6  _c_int00_noargs                        
000005c2  memcpy                                 
000005d6  __TI_decompress_none                   
000005e8  __mspabi_slll                          
000005f8  Timer_A_enableCaptureCompareInterrupt  
00000604  PMM_unlockLPM5                         
0000060a  C$$EXIT                                
0000060a  abort                                  
00000610  _system_pre_init                       
00000614  _system_post_cinit                     
00000616  CaptureBufferA                         
0000069e  CaptureBufferB                         
00000726  CaptureBufferC                         
000007ae  bit                                    
000007de  lastCaptureA                           
000007e0  framecompleteA                         
000007e1  captureindexA                          
000007e2  leaderDetectedA                        
000007e4  lastCaptureB                           
000007e6  framecompleteB                         
000007e7  captureindexB                          
000007e8  leaderDetectedB                        
000007ea  lastCaptureC                           
000007ec  framecompleteC                         
000007ed  captureindexC                          
000007ee  leaderDetectedC                        
000007f0  result                                 
000007f4  _stack                                 
00000894  __STACK_END                            
00000894  __TI_Handler_Table_Base                
000008a0  __TI_Handler_Table_Limit               
000008ae  __TI_CINIT_Base                        
000008be  __TI_CINIT_Limit                       
000008be  __TI_CINIT_Warm                        
0000fffe  _reset_vector                          
ffffffff  __TI_pprof_out_hndl                    
ffffffff  __TI_prof_data_size                    
ffffffff  __TI_prof_data_start                   
ffffffff  __c_args__                             
UNDEFED   PADIR_L                                
UNDEFED   PASEL0_H                               
UNDEFED   PASEL0_L                               
UNDEFED   PASEL1_L                               
UNDEFED   WDTCTL                                 

[58 symbols]
