******************************************************************************
                  MSP430 Linker PC v21.6.1                     
******************************************************************************
>> Linked Wed Mar  4 20:01:13 2026

OUTPUT FILE NAME:   <MicrocontrollerProjectLab.out>
ENTRY POINT SYMBOL: "_c_int00_noargs"  address: 000003c2


MEMORY CONFIGURATION

         name            origin    length      used     unused   attr    fill
----------------------  --------  ---------  --------  --------  ----  --------
  MEM                   00000200   0000fdfd  00000300  0000fafd  RWIX
  RESET                 0000fffe   0000ffff  00000002  0000fffd  RWIX


SECTION ALLOCATION MAP

 output                                  attributes/
section   page    origin      length       input sections
--------  ----  ----------  ----------   ----------------
.text      0    00000200    00000216     
                  00000200    00000076     rts430x_lc_rd_eabi.lib : copy_decompress_lzss.c.obj (.text:decompress:lzss:__TI_decompress_lzss)
                  00000276    00000054                            : autoinit.c.obj (.text:__TI_auto_init_nobinit_nopinit_hold_wdt:__TI_auto_init_nobinit_nopinit_hold_wdt)
                  000002ca    00000032     LED_Matrix.obj (.text:setupSPI)
                  000002fc    0000002e     LED_Matrix.obj (.text:transmitdataSPI)
                  0000032a    0000002c     LED_Matrix.obj (.text:main)
                  00000356    00000028     LED_Matrix.obj (.text:sendimageSPI)
                  0000037e    00000024     rts430x_lc_rd_eabi.lib : copy_zero_init.c.obj (.text:decompress:ZI:__TI_zero_init_nomemset:__TI_zero_init_nomemset)
                  000003a2    00000020     LED_Matrix.obj (.text:pinInit)
                  000003c2    0000001c     rts430x_lc_rd_eabi.lib : boot.c.obj (.text:_isr:_c_int00_noargs)
                  000003de    00000014                            : memcpy.c.obj (.text:memcpy)
                  000003f2    00000012                            : copy_decompress_none.c.obj (.text:decompress:none:__TI_decompress_none)
                  00000404    00000006     pmm.obj (.text:PMM_unlockLPM5)
                  0000040a    00000006     rts430x_lc_rd_eabi.lib : exit.c.obj (.text:abort)
                  00000410    00000004                            : pre_init.c.obj (.text:_system_pre_init)
                  00000414    00000002                            : startup.c.obj (.text:_system_post_cinit)

.const     0    00000416    00000018     
                  00000416    00000018     LED_Matrix.obj (.const:images)

.bss       0    0000042e    00000005     UNINITIALIZED
                  0000042e    00000004     (.common:TXbuff)
                  00000432    00000001     (.common:TXlength)

.data      0    00000434    00000003     UNINITIALIZED
                  00000434    00000003     LED_Matrix.obj (.data)

.cinit     0    000004d8    0000002a     
                  000004d8    0000000c     (__TI_handler_table)
                  000004e4    00000007     (.cinit..data.load) [load image, compression = lzss]
                  000004eb    00000001     --HOLE-- [fill = 0]
                  000004ec    00000006     (.cinit..bss.load) [load image, compression = zero_init]
                  000004f2    00000010     (__TI_cinit_table)

.reset     0    0000fffe    00000002     
                  0000fffe    00000002     rts430x_lc_rd_eabi.lib : boot.c.obj (.reset)

.init_array 
*          0    00000200    00000000     UNINITIALIZED

.stack     0    00000438    000000a0     UNINITIALIZED
                  00000438    00000004     rts430x_lc_rd_eabi.lib : boot.c.obj (.stack)
                  0000043c    0000009c     --HOLE--

MODULE SUMMARY

       Module                       code   ro data   rw data
       ------                       ----   -------   -------
    .\
       LED_Matrix.obj               212    24        8      
    +--+----------------------------+------+---------+---------+
       Total:                       212    24        8      
                                                            
    .\driverlib\MSP430FR5xx_6xx\
       pmm.obj                      6      0         0      
    +--+----------------------------+------+---------+---------+
       Total:                       6      0         0      
                                                            
    C:\ti\ccs2030\ccs\tools\compiler\ti-cgt-msp430_21.6.1.LTS\lib\rts430x_lc_rd_eabi.lib
       copy_decompress_lzss.c.obj   118    0         0      
       autoinit.c.obj               84     0         0      
       copy_zero_init.c.obj         36     0         0      
       boot.c.obj                   28     2         0      
       memcpy.c.obj                 20     0         0      
       copy_decompress_none.c.obj   18     0         0      
       exit.c.obj                   6      0         0      
       pre_init.c.obj               4      0         0      
       startup.c.obj                2      0         0      
    +--+----------------------------+------+---------+---------+
       Total:                       316    2         0      
                                                            
       Stack:                       0      0         160    
       Linker Generated:            0      41        0      
    +--+----------------------------+------+---------+---------+
       Grand Total:                 534    67        168    


LINKER GENERATED COPY TABLES

__TI_cinit_table @ 000004f2 records: 2, size/record: 8, table size: 16
	.data: load addr=000004e4, load size=00000007 bytes, run addr=00000434, run size=00000003 bytes, compression=lzss
	.bss: load addr=000004ec, load size=00000006 bytes, run addr=0000042e, run size=00000005 bytes, compression=zero_init


LINKER GENERATED HANDLER TABLE

__TI_handler_table @ 000004d8 records: 3, size/record: 4, table size: 12
	index: 0, handler: __TI_decompress_lzss
	index: 1, handler: __TI_decompress_none
	index: 2, handler: __TI_zero_init


GLOBAL SYMBOLS: SORTED ALPHABETICALLY BY Name 

address   name                                   
-------   ----                                   
0000040a  C$$EXIT                                
UNDEFED   PADIR_L                                
UNDEFED   PASEL0_L                               
UNDEFED   PASEL1_L                               
UNDEFED   PBDIR_H                                
UNDEFED   PBSEL0_H                               
UNDEFED   PBSEL1_H                               
00000404  PMM_unlockLPM5                         
0000042e  TXbuff                                 
00000432  TXlength                               
UNDEFED   UCA0CTLW0                              
UNDEFED   UCA0IE                                 
UNDEFED   UCA0TXBUF                              
UNDEFED   WDTCTL                                 
000004d8  __STACK_END                            
000000a0  __STACK_SIZE                           
000004f2  __TI_CINIT_Base                        
00000502  __TI_CINIT_Limit                       
00000502  __TI_CINIT_Warm                        
000004d8  __TI_Handler_Table_Base                
000004e4  __TI_Handler_Table_Limit               
00000276  __TI_auto_init_nobinit_nopinit_hold_wdt
00000200  __TI_decompress_lzss                   
000003f2  __TI_decompress_none                   
ffffffff  __TI_pprof_out_hndl                    
ffffffff  __TI_prof_data_size                    
ffffffff  __TI_prof_data_start                   
0000037e  __TI_zero_init_nomemset                
ffffffff  __c_args__                             
000003c2  _c_int00_noargs                        
0000fffe  _reset_vector                          
00000438  _stack                                 
00000414  _system_post_cinit                     
00000410  _system_pre_init                       
0000040a  abort                                  
00000434  display_update_flag                    
00000416  images                                 
0000032a  main                                   
000003de  memcpy                                 
000003a2  pinInit                                
00000356  sendimageSPI                           
000002ca  setupSPI                               
00000436  spiBUSY                                
000002fc  transmitdataSPI                        


GLOBAL SYMBOLS: SORTED BY Symbol Address 

address   name                                   
-------   ----                                   
000000a0  __STACK_SIZE                           
00000200  __TI_decompress_lzss                   
00000276  __TI_auto_init_nobinit_nopinit_hold_wdt
000002ca  setupSPI                               
000002fc  transmitdataSPI                        
0000032a  main                                   
00000356  sendimageSPI                           
0000037e  __TI_zero_init_nomemset                
000003a2  pinInit                                
000003c2  _c_int00_noargs                        
000003de  memcpy                                 
000003f2  __TI_decompress_none                   
00000404  PMM_unlockLPM5                         
0000040a  C$$EXIT                                
0000040a  abort                                  
00000410  _system_pre_init                       
00000414  _system_post_cinit                     
00000416  images                                 
0000042e  TXbuff                                 
00000432  TXlength                               
00000434  display_update_flag                    
00000436  spiBUSY                                
00000438  _stack                                 
000004d8  __STACK_END                            
000004d8  __TI_Handler_Table_Base                
000004e4  __TI_Handler_Table_Limit               
000004f2  __TI_CINIT_Base                        
00000502  __TI_CINIT_Limit                       
00000502  __TI_CINIT_Warm                        
0000fffe  _reset_vector                          
ffffffff  __TI_pprof_out_hndl                    
ffffffff  __TI_prof_data_size                    
ffffffff  __TI_prof_data_start                   
ffffffff  __c_args__                             
UNDEFED   PADIR_L                                
UNDEFED   PASEL0_L                               
UNDEFED   PASEL1_L                               
UNDEFED   PBDIR_H                                
UNDEFED   PBSEL0_H                               
UNDEFED   PBSEL1_H                               
UNDEFED   UCA0CTLW0                              
UNDEFED   UCA0IE                                 
UNDEFED   UCA0TXBUF                              
UNDEFED   WDTCTL                                 

[44 symbols]
